// Vitest Snapshot v1, https://vitest.dev/guide/snapshot.html

exports[`renderPlanPage > matches the snapshot for the demo presentation 1`] = `
"<!DOCTYPE html>
<html lang="en">
<head>
<meta charset="utf-8">
<meta name="viewport" content="width=device-width, initial-scale=1">
<title>Demo plan: ship the widget</title>
<style>
  :root {
    --bg: #101217; --panel: #1a1d24; --panel2: #232730; --border: #333846;
    --text: #e8eaed; --muted: #9aa1ad; --accent: #7aa2f7; --accent2: #9ece6a;
    --warn: #e0af68; --danger: #f7768e; --radius: 14px;
  }
  * { box-sizing: border-box; }
  html { scroll-behavior: smooth; }
  body { margin: 0; font-family: -apple-system, BlinkMacSystemFont, "Segoe UI", Helvetica, Arial, sans-serif; background: var(--bg); color: var(--text); line-height: 1.6; }
  .skip { position: absolute; left: -9999px; }
  .skip:focus { left: 8px; top: 8px; background: var(--accent); color: #101216; padding: 6px 12px; border-radius: 6px; z-index: 10; }
  .wrap { max-width: 920px; margin: 0 auto; padding: 24px 20px 90px; }
  header.page { border-bottom: 1px solid var(--border); padding: 30px 0 22px; margin-bottom: 30px; position: relative; }
  header.page::before { content: ""; position: absolute; top: 0; left: -20px; right: -20px; height: 4px; background: linear-gradient(90deg, var(--accent), #bb9af7 55%, var(--accent2)); border-radius: 4px; }
  h1 { font-size: 32px; margin: 0 0 8px; line-height: 1.25; letter-spacing: -0.01em; }
  .subtitle { color: var(--muted); font-size: 18px; margin: 0 0 10px; }
  .meta { color: var(--muted); font-size: 14px; margin-top: 10px; display: flex; flex-wrap: wrap; gap: 8px 16px; }
  .toc { margin-top: 16px; border: 1px solid var(--border); border-radius: 10px; background: var(--panel); }
  .toc summary { cursor: pointer; padding: 10px 16px; font-size: 15px; font-weight: 600; color: var(--muted); }
  .toc summary:hover { color: var(--text); }
  .toc ol { margin: 0; padding: 4px 16px 14px 40px; columns: 2; column-gap: 32px; }
  .toc li { margin: 4px 0; break-inside: avoid; }
  .toc a { color: var(--accent); text-decoration: none; font-size: 15px; }
  .toc a:hover { text-decoration: underline; }
  section { background: var(--panel); border: 1px solid var(--border); border-left: 3px solid var(--accent); border-radius: var(--radius); padding: 24px 26px; margin: 22px 0; position: relative; }
  .sec-head { display: flex; align-items: baseline; gap: 12px; margin-bottom: 6px; }
  .sec-num { font-family: ui-monospace, "SF Mono", Menlo, monospace; font-size: 15px; font-weight: 700; color: var(--accent); background: rgba(122, 162, 247, 0.12); border: 1px solid rgba(122, 162, 247, 0.35); border-radius: 8px; padding: 3px 9px; flex: none; }
  section h2 { font-size: 23px; margin: 0; line-height: 1.3; letter-spacing: -0.01em; }
  .takeaway { color: var(--text); font-size: 16.5px; margin: 0 0 18px; padding: 10px 14px; border-left: 3px solid var(--accent); background: rgba(122, 162, 247, 0.07); border-radius: 0 8px 8px 0; }
  section.addendum { border-left-color: var(--muted); }
  section.addendum .sec-num { color: var(--muted); background: rgba(154, 161, 173, 0.1); border-color: var(--border); }
  section.addendum .takeaway { border-left-color: var(--muted); background: rgba(154, 161, 173, 0.07); color: var(--muted); }
  h3 { font-size: 18px; margin: 20px 0 8px; }
  p, li { font-size: 16px; }
  p, li, td, th { overflow-wrap: anywhere; }
  code { background: var(--panel2); border: 1px solid var(--border); border-radius: 5px; padding: 1px 6px; font-size: 14px; font-family: ui-monospace, "SF Mono", Menlo, monospace; overflow-wrap: anywhere; }
  pre { background: #0c0e12; border: 1px solid var(--border); border-radius: 10px; padding: 14px 16px; overflow-x: auto; font-size: 13px; line-height: 1.5; }
  pre code { background: none; border: none; padding: 0; overflow-wrap: normal; }
  ul, ol { padding-left: 24px; } li { margin: 5px 0; }
  .table-wrap { overflow-x: auto; border: 1px solid var(--border); border-radius: 10px; margin: 12px 0; }
  table { border-collapse: collapse; width: 100%; font-size: 15px; margin: 0; }
  th, td { border-bottom: 1px solid var(--border); padding: 10px 14px; text-align: left; vertical-align: top; overflow-wrap: anywhere; }
  thead th { background: var(--panel2); text-transform: uppercase; letter-spacing: 0.06em; font-size: 12.5px; color: var(--muted); border-bottom: 2px solid var(--border); }
  tbody tr:nth-child(even) { background: rgba(255, 255, 255, 0.02); }
  tbody tr:last-child td { border-bottom: none; }
  .diagram { background: #0c0e12; border: 1px solid var(--border); border-radius: 10px; padding: 14px 16px; margin: 12px 0; overflow-x: auto; }
  .diagram .diagram-label { color: var(--muted); font-size: 13px; text-transform: uppercase; letter-spacing: 0.06em; margin-bottom: 6px; }
  .feedback { margin-top: 20px; border-top: 1px dashed var(--border); padding-top: 18px; }
  .feedback .fb-label { font-weight: 600; font-size: 15px; margin-bottom: 10px; }
  .feedback fieldset { border: 1px solid var(--border); border-radius: 10px; margin: 0 0 12px; padding: 12px 14px; }
  .feedback legend { font-size: 15px; font-weight: 600; padding: 0 8px; color: var(--accent); }
  .fb-options { display: flex; flex-wrap: wrap; gap: 10px; }
  .fb-options label { display: inline-flex; align-items: center; gap: 0; font-size: 15px; cursor: pointer; color: var(--text); background: var(--panel2); border: 1px solid var(--border); border-radius: 999px; padding: 8px 16px 8px 12px; transition: border-color .15s, background .15s; }
  .fb-options label:hover { border-color: var(--accent); }
  .fb-options label:has(input:checked) { border-color: var(--accent); background: rgba(122, 162, 247, 0.14); font-weight: 600; }
  .fb-options input { accent-color: var(--accent); width: 16px; height: 16px; margin: 0 8px 0 2px; }
  .fb-check label { display: inline-flex; align-items: center; gap: 10px; font-size: 16px; cursor: pointer; margin-bottom: 12px; }
  .fb-check input { accent-color: var(--accent); width: 18px; height: 18px; }
  textarea { width: 100%; background: #0c0e12; color: var(--text); border: 1px solid var(--border); border-radius: 10px; padding: 10px 14px; font-size: 15px; font-family: inherit; min-height: 60px; resize: vertical; }
  textarea:focus, input:focus { outline: 2px solid var(--accent); outline-offset: 1px; }
  .btn { background: var(--accent); color: #101216; font-weight: 700; border: none; border-radius: 10px; padding: 12px 20px; font-size: 16px; cursor: pointer; transition: transform .1s, filter .15s; }
  .btn:hover { filter: brightness(1.12); transform: translateY(-1px); }
  .btn:active { transform: translateY(0); }
  .btn:disabled { opacity: 0.5; cursor: not-allowed; transform: none; }
  .btn-secondary { background: var(--panel2); color: var(--text); border: 1px solid var(--border); }
  .status { margin-left: 12px; font-size: 15px; color: var(--accent2); opacity: 0; transition: opacity .2s; }
  .status.show { opacity: 1; }
  .bar { position: sticky; bottom: 0; z-index: 5; background: rgba(16, 18, 23, 0.85); backdrop-filter: blur(8px); -webkit-backdrop-filter: blur(8px); border-top: 1px solid var(--border); padding: 14px 0 12px; text-align: center; margin-top: 26px; }
  .bar .inner { display: inline-flex; gap: 12px; align-items: center; flex-wrap: wrap; justify-content: center; }
  .response-area { margin-top: 18px; background: var(--panel); border: 1px solid var(--border); border-radius: var(--radius); padding: 16px 18px; }
  .response-area h3 { margin: 0 0 8px; color: var(--muted); font-size: 14px; text-transform: uppercase; letter-spacing: 0.06em; }
  #copyable-response { white-space: pre-wrap; font-size: 13px; max-height: 300px; overflow-y: auto; margin: 0; }
  .overall textarea { min-height: 90px; }
  .overall { border-left-color: var(--accent2); }
  pre.diff { font-size: 12px; line-height: 1.45; }
  pre.diff .add { color: var(--accent2); }
  pre.diff .del { color: var(--danger); }
  pre.diff .hunk { color: var(--accent); }
  pre.diff .truncated { color: var(--warn); font-style: italic; }
  .stat { background: var(--panel2); border: 1px solid var(--border); border-radius: 10px; padding: 12px 16px; font-size: 14px; margin: 12px 0; white-space: pre-wrap; overflow-wrap: anywhere; }
  @media (max-width: 640px) {
    h1 { font-size: 26px; } section { padding: 18px 16px; } .toc ol { columns: 1; }
    .sec-head { flex-direction: column; gap: 6px; }
  }
  @media print {
    .bar, .skip { display: none; }
    body { background: #fff; color: #111; }
    section { break-inside: avoid; border-left-color: #999; }
    .takeaway { background: #f2f2f2; }
    a { color: #111; }
  }
</style>
</head>
<body>
<a class="skip" href="#main">Skip to content</a>
<div class="wrap">
<header class="page">
<h1>Demo plan: ship the widget</h1>
<p class="subtitle">A two-phase rollout with one open decision</p>
<p class="meta"><span>Prepared 2026-09-09T09:57:00.000-05:00</span><span>pi-review</span></p>

</header>
<main id="main">
<section id="summary" class="" data-section-id="summary" data-section-title="Executive summary">
<div class="sec-head">
<span class="sec-num">01</span>
<h2>Executive summary</h2>
</div>
<p class="takeaway">Ship the widget in two phases with a fallback switch.</p>

<h4>What changes</h4>
<ul><li>New <code>widget</code> module behind a flag</li><li>Rollout to 10% of traffic first</li></ul>
<p>See <a href="https://example.com/spec">the spec</a> for details.</p>
<div class="feedback">
<fieldset data-feedback="decision" data-section-id="summary">
<legend>Approve this direction?</legend>
<div class="fb-options">
<label><input type="radio" name="fb-decision-summary" value="agree"> <span>agree</span></label>
<label><input type="radio" name="fb-decision-summary" value="needs changes"> <span>needs changes</span></label>
<label><input type="radio" name="fb-decision-summary" value="question"> <span>question</span></label>
</div></fieldset>

    <label class="fb-label" for="fb-notes-summary">Notes</label>
    <textarea id="fb-notes-summary" data-feedback="notes" data-section-id="summary" placeholder="Notes"></textarea>
</div>
</section>
<section id="phase-2" class="" data-section-id="phase-2" data-section-title="Phase 2">
<div class="sec-head">
<span class="sec-num">02</span>
<h2>Phase 2</h2>
</div>
<p class="takeaway">Full rollout after one week of stable metrics.</p>
<div class="diagram"><div class="diagram-label">Diagram</div><p>flag off → 10% → 100%</p></div>
<div class="table-wrap"><table><thead><tr><th>Step</th><th>Owner</th></tr></thead><tbody><tr><td>Flip flag</td><td>Alex</td></tr><tr><td>Watch dashboards</td><td>On-call</td></tr></tbody></table></div>
<div class="feedback">
<div class="fb-check">
<label><input type="checkbox" data-feedback="approval" data-section-id="phase-2"> <span>Approve this phase</span></label>
</div>

    <label class="fb-label" for="fb-notes-phase-2">Notes</label>
    <textarea id="fb-notes-phase-2" data-feedback="notes" data-section-id="phase-2" placeholder="Notes"></textarea>
</div>
</section>
<section class="overall" data-section-id="overall" data-section-title="Overall response">
<h2>Overall response</h2>
<label class="fb-label" for="overall-response">Anything else the plan should change?</label>
<textarea id="overall-response" placeholder="Overall comments, questions, or a final verdict"></textarea>
</section>
</main>
<div class="bar">
<div class="inner">
<button type="button" class="btn" id="copy-feedback">Copy feedback for Pi</button>
<button type="button" class="btn btn-secondary" id="send-feedback" disabled>Send to Pi</button>
<button type="button" class="btn btn-secondary" id="reset-feedback">Reset</button>
<span class="status" id="copy-status" role="status" aria-live="polite"></span>
</div>
</div>
<section class="response-area" aria-label="Copyable response">
<h3>Copyable response</h3>
<pre id="copyable-response" tabindex="0"></pre>
</section>
</div>
<script>
(function () {
  var META = {"title":"Demo plan: ship the widget","generatedAt":"2026-09-09T09:57:00.000-05:00"};
  function buildFeedback() {
    var lines = [];
    lines.push("# Feedback on: " + META.title);
    lines.push("Generated: " + META.generatedAt);
    lines.push("");
    var sections = document.querySelectorAll("[data-section-title]");
    for (var i = 0; i < sections.length; i++) {
      var el = sections[i];
      var sid = el.getAttribute("data-section-id");
      var title = el.getAttribute("data-section-title");
      var decision = el.querySelector('input[type="radio"]:checked');
      var approval = el.querySelector('input[type="checkbox"]');
      var notesEl = el.querySelector("textarea[data-feedback='notes']");
      var notes = notesEl ? notesEl.value.trim() : "";
      var hasContent = decision || (approval && approval.checked) || notes;
      if (!hasContent) continue;
      lines.push("## " + sid + " — " + title);
      if (decision) lines.push("Decision: " + decision.value);
      if (approval) lines.push("Approved: " + (approval.checked ? "yes" : "no"));
      if (notes) lines.push("Notes: " + notes);
      lines.push("");
    }
    var overall = document.getElementById("overall-response");
    if (overall && overall.value.trim()) {
      lines.push("## Overall response");
      lines.push(overall.value.trim());
      lines.push("");
    }
    return lines.join("\\n");
  }
  var responseEl = document.getElementById("copyable-response");
  function refresh() {
    if (responseEl) responseEl.textContent = buildFeedback();
  }
  document.addEventListener("input", refresh);
  document.addEventListener("change", refresh);
  refresh();
  var status = document.getElementById("copy-status");
  function setStatus(text) {
    if (!status) return;
    status.textContent = text;
    status.classList.add("show");
  }
  var copyBtn = document.getElementById("copy-feedback");
  if (copyBtn) {
    copyBtn.addEventListener("click", function () {
      refresh();
      var text = buildFeedback();
      if (navigator.clipboard && navigator.clipboard.writeText) {
        navigator.clipboard.writeText(text).then(
          function () { setStatus("copied — paste it back into the Pi session"); },
          function () { fallbackCopy(); },
        );
      } else {
        fallbackCopy();
      }
      function fallbackCopy() {
        if (responseEl) {
          var range = document.createRange();
          range.selectNodeContents(responseEl);
          var selection = window.getSelection();
          selection.removeAllRanges();
          selection.addRange(range);
          setStatus("clipboard blocked — response text selected, press ⌘C");
        }
      }
    });
  }
  var resetBtn = document.getElementById("reset-feedback");
  if (resetBtn) {
    resetBtn.addEventListener("click", function () {
      document.querySelectorAll("input[type='radio'], input[type='checkbox'], textarea").forEach(function (el) {
        if (el.id === "copyable-response") return;
        el.value = ""; el.checked = false;
      });
      refresh();
      setStatus("reset");
    });
  }
  var sendBtn = document.getElementById("send-feedback");
  if (sendBtn) {
    if (!null) {
      sendBtn.disabled = true;
      sendBtn.title = "No feedback endpoint for this page; use Copy feedback for Pi";
    } else {
      sendBtn.addEventListener("click", function () {
        refresh();
        sendBtn.disabled = true;
        setStatus("sending...");
        fetch(null, { method: "POST", headers: { "Content-Type": "text/plain" }, body: buildFeedback() })
          .then(function (res) {
            if (res.ok) {
              setStatus("sent — check your Pi session");
              sendBtn.textContent = "Sent";
            } else {
              setStatus("send failed (" + res.status + ") — use Copy feedback for Pi");
              sendBtn.disabled = false;
            }
          })
          .catch(function () {
            setStatus("endpoint closed — use Copy feedback for Pi");
            sendBtn.textContent = "Send to Pi (closed)";
          });
      });
    }
  }
})();
</script>
</body>
</html>
"
`;
